Info: Starting: Create block symbol file (.bsf)
Info: qsys-generate D:\c\bishe\rtl\sdram\sdram_4port_sys.qsys --block-symbol-file --output-directory=D:\c\bishe\rtl\sdram\rtl\sdram --family="Cyclone IV E" --part=EP4CE10F17C8
Progress: Loading sdram/sdram_4port_sys.qsys
Progress: Reading input file
Progress: Adding clk_0 [clock_source 20.1]
Progress: Parameterizing module clk_0
Progress: Adding mm_bridge_0 [altera_avalon_mm_bridge 20.1]
Progress: Parameterizing module mm_bridge_0
Progress: Adding mm_bridge_1 [altera_avalon_mm_bridge 20.1]
Progress: Parameterizing module mm_bridge_1
Progress: Adding mm_bridge_2 [altera_avalon_mm_bridge 20.1]
Progress: Parameterizing module mm_bridge_2
Progress: Adding mm_bridge_3 [altera_avalon_mm_bridge 20.1]
Progress: Parameterizing module mm_bridge_3
Progress: Adding new_sdram_controller_0 [altera_avalon_new_sdram_controller 20.1]
Progress: Parameterizing module new_sdram_controller_0
Progress: Building connections
Progress: Parameterizing connections
Progress: Validating
Progress: Done reading input file
Info: sdram_4port_sys.new_sdram_controller_0: SDRAM Controller will only be supported in Quartus Prime Standard Edition in the future release.
Info: qsys-generate succeeded.
Info: Finished: Create block symbol file (.bsf)
Info: 
Info: Starting: Create HDL design files for synthesis
Info: qsys-generate D:\c\bishe\rtl\sdram\sdram_4port_sys.qsys --synthesis=VERILOG --output-directory=D:\c\bishe\rtl\sdram\rtl\sdram\synthesis --family="Cyclone IV E" --part=EP4CE10F17C8
Progress: Loading sdram/sdram_4port_sys.qsys
Progress: Reading input file
Progress: Adding clk_0 [clock_source 20.1]
Progress: Parameterizing module clk_0
Progress: Adding mm_bridge_0 [altera_avalon_mm_bridge 20.1]
Progress: Parameterizing module mm_bridge_0
Progress: Adding mm_bridge_1 [altera_avalon_mm_bridge 20.1]
Progress: Parameterizing module mm_bridge_1
Progress: Adding mm_bridge_2 [altera_avalon_mm_bridge 20.1]
Progress: Parameterizing module mm_bridge_2
Progress: Adding mm_bridge_3 [altera_avalon_mm_bridge 20.1]
Progress: Parameterizing module mm_bridge_3
Progress: Adding new_sdram_controller_0 [altera_avalon_new_sdram_controller 20.1]
Progress: Parameterizing module new_sdram_controller_0
Progress: Building connections
Progress: Parameterizing connections
Progress: Validating
Progress: Done reading input file
Info: sdram_4port_sys.new_sdram_controller_0: SDRAM Controller will only be supported in Quartus Prime Standard Edition in the future release.
Info: sdram_4port_sys: Generating sdram_4port_sys "sdram_4port_sys" for QUARTUS_SYNTH
Info: mm_bridge_0: "sdram_4port_sys" instantiated altera_avalon_mm_bridge "mm_bridge_0"
Info: new_sdram_controller_0: Starting RTL generation for module 'sdram_4port_sys_new_sdram_controller_0'
Info: new_sdram_controller_0:   Generation command is [exec C:/intelfpga_lite/20.1/quartus/bin64/perl/bin/perl.exe -I C:/intelfpga_lite/20.1/quartus/bin64/perl/lib -I C:/intelfpga_lite/20.1/quartus/sopc_builder/bin/europa -I C:/intelfpga_lite/20.1/quartus/sopc_builder/bin -I C:/intelfpga_lite/20.1/quartus/../ip/altera/sopc_builder_ip/common -I C:/intelfpga_lite/20.1/quartus/../ip/altera/sopc_builder_ip/altera_avalon_new_sdram_controller -- C:/intelfpga_lite/20.1/quartus/../ip/altera/sopc_builder_ip/altera_avalon_new_sdram_controller/generate_rtl.pl --name=sdram_4port_sys_new_sdram_controller_0 --dir=C:/Users/point/AppData/Local/Temp/alt0533_1016619607813953356.dir/0003_new_sdram_controller_0_gen/ --quartus_dir=C:/intelfpga_lite/20.1/quartus --verilog --config=C:/Users/point/AppData/Local/Temp/alt0533_1016619607813953356.dir/0003_new_sdram_controller_0_gen//sdram_4port_sys_new_sdram_controller_0_component_configuration.pl  --do_build_sim=0  ]
Info: new_sdram_controller_0: Done RTL generation for module 'sdram_4port_sys_new_sdram_controller_0'
Info: new_sdram_controller_0: "sdram_4port_sys" instantiated altera_avalon_new_sdram_controller "new_sdram_controller_0"
Info: avalon_st_adapter: Inserting error_adapter: error_adapter_0
Info: mm_interconnect_0: "sdram_4port_sys" instantiated altera_mm_interconnect "mm_interconnect_0"
Info: rst_controller: "sdram_4port_sys" instantiated altera_reset_controller "rst_controller"
Info: mm_bridge_0_m0_translator: "mm_interconnect_0" instantiated altera_merlin_master_translator "mm_bridge_0_m0_translator"
Info: new_sdram_controller_0_s1_translator: "mm_interconnect_0" instantiated altera_merlin_slave_translator "new_sdram_controller_0_s1_translator"
Info: mm_bridge_0_m0_agent: "mm_interconnect_0" instantiated altera_merlin_master_agent "mm_bridge_0_m0_agent"
Info: new_sdram_controller_0_s1_agent: "mm_interconnect_0" instantiated altera_merlin_slave_agent "new_sdram_controller_0_s1_agent"
Info: new_sdram_controller_0_s1_agent_rsp_fifo: "mm_interconnect_0" instantiated altera_avalon_sc_fifo "new_sdram_controller_0_s1_agent_rsp_fifo"
Info: router: "mm_interconnect_0" instantiated altera_merlin_router "router"
Info: router_004: "mm_interconnect_0" instantiated altera_merlin_router "router_004"
Info: cmd_demux: "mm_interconnect_0" instantiated altera_merlin_demultiplexer "cmd_demux"
Info: cmd_mux: "mm_interconnect_0" instantiated altera_merlin_multiplexer "cmd_mux"
Info: rsp_demux: "mm_interconnect_0" instantiated altera_merlin_demultiplexer "rsp_demux"
Info: rsp_mux: "mm_interconnect_0" instantiated altera_merlin_multiplexer "rsp_mux"
Info: Reusing file D:/c/bishe/rtl/sdram/rtl/sdram/synthesis/submodules/altera_merlin_arbitrator.sv
Info: avalon_st_adapter: "mm_interconnect_0" instantiated altera_avalon_st_adapter "avalon_st_adapter"
Info: error_adapter_0: "avalon_st_adapter" instantiated error_adapter "error_adapter_0"
Info: sdram_4port_sys: Done "sdram_4port_sys" with 18 modules, 22 files
Info: qsys-generate succeeded.
Info: Finished: Create HDL design files for synthesis
